Archive member included because of file (symbol)

d:/interfacing_nti/imt_sdk_win_64/winavr/bin/../lib/gcc/avr/4.3.3/avr5\libgcc.a(_mulsi3.o)
                              ./APP/Calculator_Project/main.o (__mulsi3)
d:/interfacing_nti/imt_sdk_win_64/winavr/bin/../lib/gcc/avr/4.3.3/avr5\libgcc.a(_divmodsi4.o)
                              ./HAL/LCD_DRIVER/LCD_program.o (__divmodsi4)
d:/interfacing_nti/imt_sdk_win_64/winavr/bin/../lib/gcc/avr/4.3.3/avr5\libgcc.a(_exit.o)
                              d:/interfacing_nti/imt_sdk_win_64/winavr/bin/../lib/gcc/avr/4.3.3/../../../../avr/lib/avr5/crtm32.o (exit)
d:/interfacing_nti/imt_sdk_win_64/winavr/bin/../lib/gcc/avr/4.3.3/avr5\libgcc.a(_copy_data.o)
                              ./HAL/SEVEN_SEG_DRIVER/SEVEN_SEG_program.o (__do_copy_data)
d:/interfacing_nti/imt_sdk_win_64/winavr/bin/../lib/gcc/avr/4.3.3/avr5\libgcc.a(_fixunssfsi.o)
                              ./HAL/SWITCH_DRIVER/SWITCH_program.o (__fixunssfsi)
d:/interfacing_nti/imt_sdk_win_64/winavr/bin/../lib/gcc/avr/4.3.3/avr5\libgcc.a(_addsub_sf.o)
                              d:/interfacing_nti/imt_sdk_win_64/winavr/bin/../lib/gcc/avr/4.3.3/avr5\libgcc.a(_fixunssfsi.o) (__subsf3)
d:/interfacing_nti/imt_sdk_win_64/winavr/bin/../lib/gcc/avr/4.3.3/avr5\libgcc.a(_mul_sf.o)
                              ./HAL/SWITCH_DRIVER/SWITCH_program.o (__mulsf3)
d:/interfacing_nti/imt_sdk_win_64/winavr/bin/../lib/gcc/avr/4.3.3/avr5\libgcc.a(_gt_sf.o)
                              ./HAL/SWITCH_DRIVER/SWITCH_program.o (__gtsf2)
d:/interfacing_nti/imt_sdk_win_64/winavr/bin/../lib/gcc/avr/4.3.3/avr5\libgcc.a(_ge_sf.o)
                              d:/interfacing_nti/imt_sdk_win_64/winavr/bin/../lib/gcc/avr/4.3.3/avr5\libgcc.a(_fixunssfsi.o) (__gesf2)
d:/interfacing_nti/imt_sdk_win_64/winavr/bin/../lib/gcc/avr/4.3.3/avr5\libgcc.a(_lt_sf.o)
                              ./HAL/SWITCH_DRIVER/SWITCH_program.o (__ltsf2)
d:/interfacing_nti/imt_sdk_win_64/winavr/bin/../lib/gcc/avr/4.3.3/avr5\libgcc.a(_sf_to_si.o)
                              d:/interfacing_nti/imt_sdk_win_64/winavr/bin/../lib/gcc/avr/4.3.3/avr5\libgcc.a(_fixunssfsi.o) (__fixsfsi)
d:/interfacing_nti/imt_sdk_win_64/winavr/bin/../lib/gcc/avr/4.3.3/avr5\libgcc.a(_thenan_sf.o)
                              d:/interfacing_nti/imt_sdk_win_64/winavr/bin/../lib/gcc/avr/4.3.3/avr5\libgcc.a(_addsub_sf.o) (__thenan_sf)
d:/interfacing_nti/imt_sdk_win_64/winavr/bin/../lib/gcc/avr/4.3.3/avr5\libgcc.a(_udivmodsi4.o)
                              d:/interfacing_nti/imt_sdk_win_64/winavr/bin/../lib/gcc/avr/4.3.3/avr5\libgcc.a(_divmodsi4.o) (__udivmodsi4)
d:/interfacing_nti/imt_sdk_win_64/winavr/bin/../lib/gcc/avr/4.3.3/avr5\libgcc.a(_prologue.o)
                              d:/interfacing_nti/imt_sdk_win_64/winavr/bin/../lib/gcc/avr/4.3.3/avr5\libgcc.a(_addsub_sf.o) (__prologue_saves__)
d:/interfacing_nti/imt_sdk_win_64/winavr/bin/../lib/gcc/avr/4.3.3/avr5\libgcc.a(_epilogue.o)
                              d:/interfacing_nti/imt_sdk_win_64/winavr/bin/../lib/gcc/avr/4.3.3/avr5\libgcc.a(_addsub_sf.o) (__epilogue_restores__)
d:/interfacing_nti/imt_sdk_win_64/winavr/bin/../lib/gcc/avr/4.3.3/avr5\libgcc.a(_pack_sf.o)
                              d:/interfacing_nti/imt_sdk_win_64/winavr/bin/../lib/gcc/avr/4.3.3/avr5\libgcc.a(_addsub_sf.o) (__pack_f)
d:/interfacing_nti/imt_sdk_win_64/winavr/bin/../lib/gcc/avr/4.3.3/avr5\libgcc.a(_unpack_sf.o)
                              d:/interfacing_nti/imt_sdk_win_64/winavr/bin/../lib/gcc/avr/4.3.3/avr5\libgcc.a(_addsub_sf.o) (__unpack_f)
d:/interfacing_nti/imt_sdk_win_64/winavr/bin/../lib/gcc/avr/4.3.3/avr5\libgcc.a(_fpcmp_parts_sf.o)
                              d:/interfacing_nti/imt_sdk_win_64/winavr/bin/../lib/gcc/avr/4.3.3/avr5\libgcc.a(_gt_sf.o) (__fpcmp_parts_f)

Memory Configuration

Name             Origin             Length             Attributes
text             0x00000000         0x00020000         xr
data             0x00800060         0x0000ffa0         rw !x
eeprom           0x00810000         0x00010000         rw !x
fuse             0x00820000         0x00000400         rw !x
lock             0x00830000         0x00000400         rw !x
signature        0x00840000         0x00000400         rw !x
*default*        0x00000000         0xffffffff

Linker script and memory map

LOAD d:/interfacing_nti/imt_sdk_win_64/winavr/bin/../lib/gcc/avr/4.3.3/../../../../avr/lib/avr5/crtm32.o
LOAD ./MCAL/PORT/PORT_program.o
LOAD ./MCAL/DIO/DIO_program.o
LOAD ./HAL/SWITCH_DRIVER/SWITCH_program.o
LOAD ./HAL/SEVEN_SEG_DRIVER/SEVEN_SEG_program.o
LOAD ./HAL/LED_DRIVER/LED_program.o
LOAD ./HAL/LCD_DRIVER/LCD_program.o
LOAD ./HAL/KEYPAD_DRIVER/KPD_program.o
LOAD ./APP/Calculator_Project/calc.o
LOAD ./APP/Calculator_Project/main.o
LOAD d:/interfacing_nti/imt_sdk_win_64/winavr/bin/../lib/gcc/avr/4.3.3/avr5\libgcc.a
LOAD d:/interfacing_nti/imt_sdk_win_64/winavr/bin/../lib/gcc/avr/4.3.3/../../../../avr/lib/avr5\libc.a
LOAD d:/interfacing_nti/imt_sdk_win_64/winavr/bin/../lib/gcc/avr/4.3.3/avr5\libgcc.a

.hash
 *(.hash)

.dynsym
 *(.dynsym)

.dynstr
 *(.dynstr)

.gnu.version
 *(.gnu.version)

.gnu.version_d
 *(.gnu.version_d)

.gnu.version_r
 *(.gnu.version_r)

.rel.init
 *(.rel.init)

.rela.init
 *(.rela.init)

.rel.text
 *(.rel.text)
 *(.rel.text.*)
 *(.rel.gnu.linkonce.t*)

.rela.text
 *(.rela.text)
 *(.rela.text.*)
 *(.rela.gnu.linkonce.t*)

.rel.fini
 *(.rel.fini)

.rela.fini
 *(.rela.fini)

.rel.rodata
 *(.rel.rodata)
 *(.rel.rodata.*)
 *(.rel.gnu.linkonce.r*)

.rela.rodata
 *(.rela.rodata)
 *(.rela.rodata.*)
 *(.rela.gnu.linkonce.r*)

.rel.data
 *(.rel.data)
 *(.rel.data.*)
 *(.rel.gnu.linkonce.d*)

.rela.data
 *(.rela.data)
 *(.rela.data.*)
 *(.rela.gnu.linkonce.d*)

.rel.ctors
 *(.rel.ctors)

.rela.ctors
 *(.rela.ctors)

.rel.dtors
 *(.rel.dtors)

.rela.dtors
 *(.rela.dtors)

.rel.got
 *(.rel.got)

.rela.got
 *(.rela.got)

.rel.bss
 *(.rel.bss)

.rela.bss
 *(.rela.bss)

.rel.plt
 *(.rel.plt)

.rela.plt
 *(.rela.plt)

.text           0x00000000     0x2c9c
 *(.vectors)
 .vectors       0x00000000       0x54 d:/interfacing_nti/imt_sdk_win_64/winavr/bin/../lib/gcc/avr/4.3.3/../../../../avr/lib/avr5/crtm32.o
                0x00000000                __vectors
                0x00000000                __vector_default
 *(.vectors)
 *(.progmem.gcc*)
 *(.progmem*)
                0x00000054                . = ALIGN (0x2)
                0x00000054                __trampolines_start = .
 *(.trampolines)
 .trampolines   0x00000054        0x0 linker stubs
 *(.trampolines*)
                0x00000054                __trampolines_end = .
 *(.jumptables)
 *(.jumptables*)
 *(.lowtext)
 *(.lowtext*)
                0x00000054                __ctors_start = .
 *(.ctors)
                0x00000054                __ctors_end = .
                0x00000054                __dtors_start = .
 *(.dtors)
                0x00000054                __dtors_end = .
 SORT(*)(.ctors)
 SORT(*)(.dtors)
 *(.init0)
 .init0         0x00000054        0x0 d:/interfacing_nti/imt_sdk_win_64/winavr/bin/../lib/gcc/avr/4.3.3/../../../../avr/lib/avr5/crtm32.o
                0x00000054                __init
 *(.init0)
 *(.init1)
 *(.init1)
 *(.init2)
 .init2         0x00000054        0xc d:/interfacing_nti/imt_sdk_win_64/winavr/bin/../lib/gcc/avr/4.3.3/../../../../avr/lib/avr5/crtm32.o
 *(.init2)
 *(.init3)
 *(.init3)
 *(.init4)
 .init4         0x00000060       0x16 d:/interfacing_nti/imt_sdk_win_64/winavr/bin/../lib/gcc/avr/4.3.3/avr5\libgcc.a(_copy_data.o)
                0x00000060                __do_copy_data
 *(.init4)
 *(.init5)
 *(.init5)
 *(.init6)
 *(.init6)
 *(.init7)
 *(.init7)
 *(.init8)
 *(.init8)
 *(.init9)
 .init9         0x00000076        0x8 d:/interfacing_nti/imt_sdk_win_64/winavr/bin/../lib/gcc/avr/4.3.3/../../../../avr/lib/avr5/crtm32.o
 *(.init9)
 *(.text)
 .text          0x0000007e        0x4 d:/interfacing_nti/imt_sdk_win_64/winavr/bin/../lib/gcc/avr/4.3.3/../../../../avr/lib/avr5/crtm32.o
                0x0000007e                __vector_1
                0x0000007e                __vector_12
                0x0000007e                __bad_interrupt
                0x0000007e                __vector_6
                0x0000007e                __vector_3
                0x0000007e                __vector_11
                0x0000007e                __vector_13
                0x0000007e                __vector_17
                0x0000007e                __vector_19
                0x0000007e                __vector_7
                0x0000007e                __vector_5
                0x0000007e                __vector_4
                0x0000007e                __vector_9
                0x0000007e                __vector_2
                0x0000007e                __vector_15
                0x0000007e                __vector_8
                0x0000007e                __vector_14
                0x0000007e                __vector_10
                0x0000007e                __vector_16
                0x0000007e                __vector_18
                0x0000007e                __vector_20
 .text          0x00000082        0x0 ./MCAL/PORT/PORT_program.o
 .text          0x00000082        0x0 ./MCAL/DIO/DIO_program.o
 .text          0x00000082        0x0 ./HAL/SWITCH_DRIVER/SWITCH_program.o
 .text          0x00000082        0x0 ./HAL/SEVEN_SEG_DRIVER/SEVEN_SEG_program.o
 .text          0x00000082        0x0 ./HAL/LED_DRIVER/LED_program.o
 .text          0x00000082        0x0 ./HAL/LCD_DRIVER/LCD_program.o
 .text          0x00000082        0x0 ./HAL/KEYPAD_DRIVER/KPD_program.o
 .text          0x00000082        0x0 ./APP/Calculator_Project/calc.o
 .text          0x00000082        0x0 ./APP/Calculator_Project/main.o
 .text          0x00000082        0x0 d:/interfacing_nti/imt_sdk_win_64/winavr/bin/../lib/gcc/avr/4.3.3/avr5\libgcc.a(_mulsi3.o)
 .text          0x00000082        0x0 d:/interfacing_nti/imt_sdk_win_64/winavr/bin/../lib/gcc/avr/4.3.3/avr5\libgcc.a(_divmodsi4.o)
 .text          0x00000082        0x0 d:/interfacing_nti/imt_sdk_win_64/winavr/bin/../lib/gcc/avr/4.3.3/avr5\libgcc.a(_exit.o)
 .text          0x00000082        0x0 d:/interfacing_nti/imt_sdk_win_64/winavr/bin/../lib/gcc/avr/4.3.3/avr5\libgcc.a(_copy_data.o)
 .text          0x00000082       0x58 d:/interfacing_nti/imt_sdk_win_64/winavr/bin/../lib/gcc/avr/4.3.3/avr5\libgcc.a(_fixunssfsi.o)
                0x00000082                __fixunssfsi
 .text          0x000000da      0x354 d:/interfacing_nti/imt_sdk_win_64/winavr/bin/../lib/gcc/avr/4.3.3/avr5\libgcc.a(_addsub_sf.o)
                0x00000372                __subsf3
                0x000003d4                __addsf3
 .text          0x0000042e      0x1f4 d:/interfacing_nti/imt_sdk_win_64/winavr/bin/../lib/gcc/avr/4.3.3/avr5\libgcc.a(_mul_sf.o)
                0x0000042e                __mulsf3
 .text          0x00000622       0x60 d:/interfacing_nti/imt_sdk_win_64/winavr/bin/../lib/gcc/avr/4.3.3/avr5\libgcc.a(_gt_sf.o)
                0x00000622                __gtsf2
 .text          0x00000682       0x60 d:/interfacing_nti/imt_sdk_win_64/winavr/bin/../lib/gcc/avr/4.3.3/avr5\libgcc.a(_ge_sf.o)
                0x00000682                __gesf2
 .text          0x000006e2       0x60 d:/interfacing_nti/imt_sdk_win_64/winavr/bin/../lib/gcc/avr/4.3.3/avr5\libgcc.a(_lt_sf.o)
                0x000006e2                __ltsf2
 .text          0x00000742       0xa8 d:/interfacing_nti/imt_sdk_win_64/winavr/bin/../lib/gcc/avr/4.3.3/avr5\libgcc.a(_sf_to_si.o)
                0x00000742                __fixsfsi
 .text          0x000007ea        0x0 d:/interfacing_nti/imt_sdk_win_64/winavr/bin/../lib/gcc/avr/4.3.3/avr5\libgcc.a(_thenan_sf.o)
 .text          0x000007ea        0x0 d:/interfacing_nti/imt_sdk_win_64/winavr/bin/../lib/gcc/avr/4.3.3/avr5\libgcc.a(_udivmodsi4.o)
 .text          0x000007ea        0x0 d:/interfacing_nti/imt_sdk_win_64/winavr/bin/../lib/gcc/avr/4.3.3/avr5\libgcc.a(_prologue.o)
 .text          0x000007ea        0x0 d:/interfacing_nti/imt_sdk_win_64/winavr/bin/../lib/gcc/avr/4.3.3/avr5\libgcc.a(_epilogue.o)
 .text          0x000007ea      0x1aa d:/interfacing_nti/imt_sdk_win_64/winavr/bin/../lib/gcc/avr/4.3.3/avr5\libgcc.a(_pack_sf.o)
                0x000007ea                __pack_f
 .text          0x00000994       0xf0 d:/interfacing_nti/imt_sdk_win_64/winavr/bin/../lib/gcc/avr/4.3.3/avr5\libgcc.a(_unpack_sf.o)
                0x00000994                __unpack_f
 .text          0x00000a84       0xb2 d:/interfacing_nti/imt_sdk_win_64/winavr/bin/../lib/gcc/avr/4.3.3/avr5\libgcc.a(_fpcmp_parts_sf.o)
                0x00000a84                __fpcmp_parts_f
                0x00000b36                . = ALIGN (0x2)
 *(.text.*)
 .text.port_void_init
                0x00000b36       0x48 ./MCAL/PORT/PORT_program.o
                0x00000b36                port_void_init
 .text.DIO_Set_Pin_Direction
                0x00000b7e      0x21e ./MCAL/DIO/DIO_program.o
                0x00000b7e                DIO_Set_Pin_Direction
 .text.DIO_Set_Port_Direction
                0x00000d9c       0x90 ./MCAL/DIO/DIO_program.o
                0x00000d9c                DIO_Set_Port_Direction
 .text.DIO_Set_Pin_Value
                0x00000e2c      0x224 ./MCAL/DIO/DIO_program.o
                0x00000e2c                DIO_Set_Pin_Value
 .text.DIO_Set_Port_Value
                0x00001050       0x90 ./MCAL/DIO/DIO_program.o
                0x00001050                DIO_Set_Port_Value
 .text.DIO_Get_Pin_VALUE
                0x000010e0      0x130 ./MCAL/DIO/DIO_program.o
                0x000010e0                DIO_Get_Pin_VALUE
 .text.Switch_Status
                0x00001210      0x2a4 ./HAL/SWITCH_DRIVER/SWITCH_program.o
                0x00001210                Switch_Status
 .text.Seven_Seg_Init
                0x000014b4       0x8a ./HAL/SEVEN_SEG_DRIVER/SEVEN_SEG_program.o
                0x000014b4                Seven_Seg_Init
 .text.Seven_Seg_TurnON
                0x0000153e       0x62 ./HAL/SEVEN_SEG_DRIVER/SEVEN_SEG_program.o
                0x0000153e                Seven_Seg_TurnON
 .text.Seven_Seg_TurnOff
                0x000015a0       0x44 ./HAL/SEVEN_SEG_DRIVER/SEVEN_SEG_program.o
                0x000015a0                Seven_Seg_TurnOff
 .text.Seven_Seg_CountUp
                0x000015e4      0x140 ./HAL/SEVEN_SEG_DRIVER/SEVEN_SEG_program.o
                0x000015e4                Seven_Seg_CountUp
 .text.Seven_Seg_Countdown
                0x00001724      0x140 ./HAL/SEVEN_SEG_DRIVER/SEVEN_SEG_program.o
                0x00001724                Seven_Seg_Countdown
 .text.LED_ON   0x00001864      0x116 ./HAL/LED_DRIVER/LED_program.o
                0x00001864                LED_ON
 .text.LED_OFF  0x0000197a      0x120 ./HAL/LED_DRIVER/LED_program.o
                0x0000197a                LED_OFF
 .text.LED_ALL_PORT_ON
                0x00001a9a       0x8a ./HAL/LED_DRIVER/LED_program.o
                0x00001a9a                LED_ALL_PORT_ON
 .text.LED_ALL_PORT_OFF
                0x00001b24       0x82 ./HAL/LED_DRIVER/LED_program.o
                0x00001b24                LED_ALL_PORT_OFF
 .text.lcd_send_command
                0x00001ba6      0x13c ./HAL/LCD_DRIVER/LCD_program.o
                0x00001ba6                lcd_send_command
 .text.lcd_send_data
                0x00001ce2      0x13c ./HAL/LCD_DRIVER/LCD_program.o
                0x00001ce2                lcd_send_data
 .text.lcd_initialization
                0x00001e1e      0x11c ./HAL/LCD_DRIVER/LCD_program.o
                0x00001e1e                lcd_initialization
 .text.lcd_send_string
                0x00001f3a       0x68 ./HAL/LCD_DRIVER/LCD_program.o
                0x00001f3a                lcd_send_string
 .text.lcd_go_to_xy
                0x00001fa2       0x50 ./HAL/LCD_DRIVER/LCD_program.o
                0x00001fa2                lcd_go_to_xy
 .text.lcd_store_special_character
                0x00001ff2       0x7e ./HAL/LCD_DRIVER/LCD_program.o
                0x00001ff2                lcd_store_special_character
 .text.lcd_show_special_character
                0x00002070       0x2c ./HAL/LCD_DRIVER/LCD_program.o
                0x00002070                lcd_show_special_character
 .text.lcd_show_number
                0x0000209c      0x144 ./HAL/LCD_DRIVER/LCD_program.o
                0x0000209c                lcd_show_number
 .text.lcd_clear
                0x000021e0       0x14 ./HAL/LCD_DRIVER/LCD_program.o
                0x000021e0                lcd_clear
 .text.KPD_GetPressedkey
                0x000021f4       0xf0 ./HAL/KEYPAD_DRIVER/KPD_program.o
                0x000021f4                KPD_GetPressedkey
 .text.START_CALC
                0x000022e4      0x406 ./APP/Calculator_Project/calc.o
                0x000022e4                START_CALC
 .text.RESET_CALC
                0x000026ea       0x72 ./APP/Calculator_Project/calc.o
                0x000026ea                RESET_CALC
 .text.main     0x0000275c      0x416 ./APP/Calculator_Project/main.o
                0x0000275c                main
 .text.libgcc   0x00002b72       0x3e d:/interfacing_nti/imt_sdk_win_64/winavr/bin/../lib/gcc/avr/4.3.3/avr5\libgcc.a(_mulsi3.o)
                0x00002b72                __mulsi3
 .text.libgcc   0x00002bb0       0x36 d:/interfacing_nti/imt_sdk_win_64/winavr/bin/../lib/gcc/avr/4.3.3/avr5\libgcc.a(_divmodsi4.o)
                0x00002bb0                __divmodsi4
 .text.libgcc   0x00002be6        0x0 d:/interfacing_nti/imt_sdk_win_64/winavr/bin/../lib/gcc/avr/4.3.3/avr5\libgcc.a(_exit.o)
 .text.libgcc   0x00002be6        0x0 d:/interfacing_nti/imt_sdk_win_64/winavr/bin/../lib/gcc/avr/4.3.3/avr5\libgcc.a(_copy_data.o)
 .text.libgcc   0x00002be6       0x44 d:/interfacing_nti/imt_sdk_win_64/winavr/bin/../lib/gcc/avr/4.3.3/avr5\libgcc.a(_udivmodsi4.o)
                0x00002be6                __udivmodsi4
 .text.libgcc   0x00002c2a       0x38 d:/interfacing_nti/imt_sdk_win_64/winavr/bin/../lib/gcc/avr/4.3.3/avr5\libgcc.a(_prologue.o)
                0x00002c2a                __prologue_saves__
 .text.libgcc   0x00002c62       0x36 d:/interfacing_nti/imt_sdk_win_64/winavr/bin/../lib/gcc/avr/4.3.3/avr5\libgcc.a(_epilogue.o)
                0x00002c62                __epilogue_restores__
                0x00002c98                . = ALIGN (0x2)
 *(.fini9)
 .fini9         0x00002c98        0x0 d:/interfacing_nti/imt_sdk_win_64/winavr/bin/../lib/gcc/avr/4.3.3/avr5\libgcc.a(_exit.o)
                0x00002c98                exit
                0x00002c98                _exit
 *(.fini9)
 *(.fini8)
 *(.fini8)
 *(.fini7)
 *(.fini7)
 *(.fini6)
 *(.fini6)
 *(.fini5)
 *(.fini5)
 *(.fini4)
 *(.fini4)
 *(.fini3)
 *(.fini3)
 *(.fini2)
 *(.fini2)
 *(.fini1)
 *(.fini1)
 *(.fini0)
 .fini0         0x00002c98        0x4 d:/interfacing_nti/imt_sdk_win_64/winavr/bin/../lib/gcc/avr/4.3.3/avr5\libgcc.a(_exit.o)
 *(.fini0)
                0x00002c9c                _etext = .

.data           0x00800060       0x62 load address 0x00002c9c
                0x00800060                PROVIDE (__data_start, .)
 *(.data)
 .data          0x00800060        0x0 d:/interfacing_nti/imt_sdk_win_64/winavr/bin/../lib/gcc/avr/4.3.3/../../../../avr/lib/avr5/crtm32.o
 .data          0x00800060        0x0 ./MCAL/PORT/PORT_program.o
 .data          0x00800060        0x0 ./MCAL/DIO/DIO_program.o
 .data          0x00800060        0x0 ./HAL/SWITCH_DRIVER/SWITCH_program.o
 .data          0x00800060        0x0 ./HAL/SEVEN_SEG_DRIVER/SEVEN_SEG_program.o
 .data          0x00800060        0x0 ./HAL/LED_DRIVER/LED_program.o
 .data          0x00800060        0x0 ./HAL/LCD_DRIVER/LCD_program.o
 .data          0x00800060        0x0 ./HAL/KEYPAD_DRIVER/KPD_program.o
 .data          0x00800060       0x20 ./APP/Calculator_Project/calc.o
 .data          0x00800080       0x18 ./APP/Calculator_Project/main.o
 .data          0x00800098        0x0 d:/interfacing_nti/imt_sdk_win_64/winavr/bin/../lib/gcc/avr/4.3.3/avr5\libgcc.a(_mulsi3.o)
 .data          0x00800098        0x0 d:/interfacing_nti/imt_sdk_win_64/winavr/bin/../lib/gcc/avr/4.3.3/avr5\libgcc.a(_divmodsi4.o)
 .data          0x00800098        0x0 d:/interfacing_nti/imt_sdk_win_64/winavr/bin/../lib/gcc/avr/4.3.3/avr5\libgcc.a(_exit.o)
 .data          0x00800098        0x0 d:/interfacing_nti/imt_sdk_win_64/winavr/bin/../lib/gcc/avr/4.3.3/avr5\libgcc.a(_copy_data.o)
 .data          0x00800098        0x0 d:/interfacing_nti/imt_sdk_win_64/winavr/bin/../lib/gcc/avr/4.3.3/avr5\libgcc.a(_fixunssfsi.o)
 .data          0x00800098        0x0 d:/interfacing_nti/imt_sdk_win_64/winavr/bin/../lib/gcc/avr/4.3.3/avr5\libgcc.a(_addsub_sf.o)
 .data          0x00800098        0x0 d:/interfacing_nti/imt_sdk_win_64/winavr/bin/../lib/gcc/avr/4.3.3/avr5\libgcc.a(_mul_sf.o)
 .data          0x00800098        0x0 d:/interfacing_nti/imt_sdk_win_64/winavr/bin/../lib/gcc/avr/4.3.3/avr5\libgcc.a(_gt_sf.o)
 .data          0x00800098        0x0 d:/interfacing_nti/imt_sdk_win_64/winavr/bin/../lib/gcc/avr/4.3.3/avr5\libgcc.a(_ge_sf.o)
 .data          0x00800098        0x0 d:/interfacing_nti/imt_sdk_win_64/winavr/bin/../lib/gcc/avr/4.3.3/avr5\libgcc.a(_lt_sf.o)
 .data          0x00800098        0x0 d:/interfacing_nti/imt_sdk_win_64/winavr/bin/../lib/gcc/avr/4.3.3/avr5\libgcc.a(_sf_to_si.o)
 .data          0x00800098        0x8 d:/interfacing_nti/imt_sdk_win_64/winavr/bin/../lib/gcc/avr/4.3.3/avr5\libgcc.a(_thenan_sf.o)
                0x00800098                __thenan_sf
 .data          0x008000a0        0x0 d:/interfacing_nti/imt_sdk_win_64/winavr/bin/../lib/gcc/avr/4.3.3/avr5\libgcc.a(_udivmodsi4.o)
 .data          0x008000a0        0x0 d:/interfacing_nti/imt_sdk_win_64/winavr/bin/../lib/gcc/avr/4.3.3/avr5\libgcc.a(_prologue.o)
 .data          0x008000a0        0x0 d:/interfacing_nti/imt_sdk_win_64/winavr/bin/../lib/gcc/avr/4.3.3/avr5\libgcc.a(_epilogue.o)
 .data          0x008000a0        0x0 d:/interfacing_nti/imt_sdk_win_64/winavr/bin/../lib/gcc/avr/4.3.3/avr5\libgcc.a(_pack_sf.o)
 .data          0x008000a0        0x0 d:/interfacing_nti/imt_sdk_win_64/winavr/bin/../lib/gcc/avr/4.3.3/avr5\libgcc.a(_unpack_sf.o)
 .data          0x008000a0        0x0 d:/interfacing_nti/imt_sdk_win_64/winavr/bin/../lib/gcc/avr/4.3.3/avr5\libgcc.a(_fpcmp_parts_sf.o)
 *(.data*)
 .data.seven_seg_arr_anode
                0x008000a0        0xa ./HAL/SEVEN_SEG_DRIVER/SEVEN_SEG_program.o
                0x008000a0                seven_seg_arr_anode
 .data.Local_KPDROWSArr.1288
                0x008000aa        0x4 ./HAL/KEYPAD_DRIVER/KPD_program.o
 .data.Local_KPDColumnArr.1287
                0x008000ae        0x4 ./HAL/KEYPAD_DRIVER/KPD_program.o
 .data.Local_KPDArr.1286
                0x008000b2       0x10 ./HAL/KEYPAD_DRIVER/KPD_program.o
 *(.rodata)
 *(.rodata*)
 *(.gnu.linkonce.d*)
                0x008000c2                . = ALIGN (0x2)
                0x008000c2                _edata = .
                0x008000c2                PROVIDE (__data_end, .)

.bss            0x008000c2        0x0
                0x008000c2                PROVIDE (__bss_start, .)
 *(.bss)
 .bss           0x008000c2        0x0 d:/interfacing_nti/imt_sdk_win_64/winavr/bin/../lib/gcc/avr/4.3.3/../../../../avr/lib/avr5/crtm32.o
 .bss           0x008000c2        0x0 ./MCAL/PORT/PORT_program.o
 .bss           0x008000c2        0x0 ./MCAL/DIO/DIO_program.o
 .bss           0x008000c2        0x0 ./HAL/SWITCH_DRIVER/SWITCH_program.o
 .bss           0x008000c2        0x0 ./HAL/SEVEN_SEG_DRIVER/SEVEN_SEG_program.o
 .bss           0x008000c2        0x0 ./HAL/LED_DRIVER/LED_program.o
 .bss           0x008000c2        0x0 ./HAL/LCD_DRIVER/LCD_program.o
 .bss           0x008000c2        0x0 ./HAL/KEYPAD_DRIVER/KPD_program.o
 .bss           0x008000c2        0x0 ./APP/Calculator_Project/calc.o
 .bss           0x008000c2        0x0 ./APP/Calculator_Project/main.o
 .bss           0x008000c2        0x0 d:/interfacing_nti/imt_sdk_win_64/winavr/bin/../lib/gcc/avr/4.3.3/avr5\libgcc.a(_mulsi3.o)
 .bss           0x008000c2        0x0 d:/interfacing_nti/imt_sdk_win_64/winavr/bin/../lib/gcc/avr/4.3.3/avr5\libgcc.a(_divmodsi4.o)
 .bss           0x008000c2        0x0 d:/interfacing_nti/imt_sdk_win_64/winavr/bin/../lib/gcc/avr/4.3.3/avr5\libgcc.a(_exit.o)
 .bss           0x008000c2        0x0 d:/interfacing_nti/imt_sdk_win_64/winavr/bin/../lib/gcc/avr/4.3.3/avr5\libgcc.a(_copy_data.o)
 .bss           0x008000c2        0x0 d:/interfacing_nti/imt_sdk_win_64/winavr/bin/../lib/gcc/avr/4.3.3/avr5\libgcc.a(_fixunssfsi.o)
 .bss           0x008000c2        0x0 d:/interfacing_nti/imt_sdk_win_64/winavr/bin/../lib/gcc/avr/4.3.3/avr5\libgcc.a(_addsub_sf.o)
 .bss           0x008000c2        0x0 d:/interfacing_nti/imt_sdk_win_64/winavr/bin/../lib/gcc/avr/4.3.3/avr5\libgcc.a(_mul_sf.o)
 .bss           0x008000c2        0x0 d:/interfacing_nti/imt_sdk_win_64/winavr/bin/../lib/gcc/avr/4.3.3/avr5\libgcc.a(_gt_sf.o)
 .bss           0x008000c2        0x0 d:/interfacing_nti/imt_sdk_win_64/winavr/bin/../lib/gcc/avr/4.3.3/avr5\libgcc.a(_ge_sf.o)
 .bss           0x008000c2        0x0 d:/interfacing_nti/imt_sdk_win_64/winavr/bin/../lib/gcc/avr/4.3.3/avr5\libgcc.a(_lt_sf.o)
 .bss           0x008000c2        0x0 d:/interfacing_nti/imt_sdk_win_64/winavr/bin/../lib/gcc/avr/4.3.3/avr5\libgcc.a(_sf_to_si.o)
 .bss           0x008000c2        0x0 d:/interfacing_nti/imt_sdk_win_64/winavr/bin/../lib/gcc/avr/4.3.3/avr5\libgcc.a(_thenan_sf.o)
 .bss           0x008000c2        0x0 d:/interfacing_nti/imt_sdk_win_64/winavr/bin/../lib/gcc/avr/4.3.3/avr5\libgcc.a(_udivmodsi4.o)
 .bss           0x008000c2        0x0 d:/interfacing_nti/imt_sdk_win_64/winavr/bin/../lib/gcc/avr/4.3.3/avr5\libgcc.a(_prologue.o)
 .bss           0x008000c2        0x0 d:/interfacing_nti/imt_sdk_win_64/winavr/bin/../lib/gcc/avr/4.3.3/avr5\libgcc.a(_epilogue.o)
 .bss           0x008000c2        0x0 d:/interfacing_nti/imt_sdk_win_64/winavr/bin/../lib/gcc/avr/4.3.3/avr5\libgcc.a(_pack_sf.o)
 .bss           0x008000c2        0x0 d:/interfacing_nti/imt_sdk_win_64/winavr/bin/../lib/gcc/avr/4.3.3/avr5\libgcc.a(_unpack_sf.o)
 .bss           0x008000c2        0x0 d:/interfacing_nti/imt_sdk_win_64/winavr/bin/../lib/gcc/avr/4.3.3/avr5\libgcc.a(_fpcmp_parts_sf.o)
 *(.bss*)
 *(COMMON)
                0x008000c2                PROVIDE (__bss_end, .)
                0x00002c9c                __data_load_start = LOADADDR (.data)
                0x00002cfe                __data_load_end = (__data_load_start + SIZEOF (.data))

.noinit         0x008000c2        0x0
                0x008000c2                PROVIDE (__noinit_start, .)
 *(.noinit*)
                0x008000c2                PROVIDE (__noinit_end, .)
                0x008000c2                _end = .
                0x008000c2                PROVIDE (__heap_start, .)

.eeprom         0x00810000        0x0
 *(.eeprom*)
                0x00810000                __eeprom_end = .

.fuse
 *(.fuse)
 *(.lfuse)
 *(.hfuse)
 *(.efuse)

.lock
 *(.lock*)

.signature
 *(.signature*)

.stab           0x00000000     0x2f64
 *(.stab)
 .stab          0x00000000      0x1f8 ./MCAL/PORT/PORT_program.o
 .stab          0x000001f8      0x660 ./MCAL/DIO/DIO_program.o
                                0x66c (size before relaxing)
 .stab          0x00000858      0x5e8 ./HAL/SWITCH_DRIVER/SWITCH_program.o
                                0x5f4 (size before relaxing)
 .stab          0x00000e40      0x6e4 ./HAL/SEVEN_SEG_DRIVER/SEVEN_SEG_program.o
                                0x87c (size before relaxing)
 .stab          0x00001524      0x480 ./HAL/LED_DRIVER/LED_program.o
                                0x48c (size before relaxing)
 .stab          0x000019a4      0x930 ./HAL/LCD_DRIVER/LCD_program.o
                                0xac8 (size before relaxing)
 .stab          0x000022d4      0x2e8 ./HAL/KEYPAD_DRIVER/KPD_program.o
                                0x480 (size before relaxing)
 .stab          0x000025bc      0x5ac ./APP/Calculator_Project/calc.o
                                0x744 (size before relaxing)
 .stab          0x00002b68      0x3fc ./APP/Calculator_Project/main.o
                                0x618 (size before relaxing)

.stabstr        0x00000000     0x104d
 *(.stabstr)
 .stabstr       0x00000000     0x104d ./MCAL/PORT/PORT_program.o

.stab.excl
 *(.stab.excl)

.stab.exclstr
 *(.stab.exclstr)

.stab.index
 *(.stab.index)

.stab.indexstr
 *(.stab.indexstr)

.comment
 *(.comment)

.debug
 *(.debug)

.line
 *(.line)

.debug_srcinfo
 *(.debug_srcinfo)

.debug_sfnames
 *(.debug_sfnames)

.debug_aranges  0x00000000      0x140
 *(.debug_aranges)
 .debug_aranges
                0x00000000       0x20 d:/interfacing_nti/imt_sdk_win_64/winavr/bin/../lib/gcc/avr/4.3.3/avr5\libgcc.a(_fixunssfsi.o)
 .debug_aranges
                0x00000020       0x20 d:/interfacing_nti/imt_sdk_win_64/winavr/bin/../lib/gcc/avr/4.3.3/avr5\libgcc.a(_addsub_sf.o)
 .debug_aranges
                0x00000040       0x20 d:/interfacing_nti/imt_sdk_win_64/winavr/bin/../lib/gcc/avr/4.3.3/avr5\libgcc.a(_mul_sf.o)
 .debug_aranges
                0x00000060       0x20 d:/interfacing_nti/imt_sdk_win_64/winavr/bin/../lib/gcc/avr/4.3.3/avr5\libgcc.a(_gt_sf.o)
 .debug_aranges
                0x00000080       0x20 d:/interfacing_nti/imt_sdk_win_64/winavr/bin/../lib/gcc/avr/4.3.3/avr5\libgcc.a(_ge_sf.o)
 .debug_aranges
                0x000000a0       0x20 d:/interfacing_nti/imt_sdk_win_64/winavr/bin/../lib/gcc/avr/4.3.3/avr5\libgcc.a(_lt_sf.o)
 .debug_aranges
                0x000000c0       0x20 d:/interfacing_nti/imt_sdk_win_64/winavr/bin/../lib/gcc/avr/4.3.3/avr5\libgcc.a(_sf_to_si.o)
 .debug_aranges
                0x000000e0       0x20 d:/interfacing_nti/imt_sdk_win_64/winavr/bin/../lib/gcc/avr/4.3.3/avr5\libgcc.a(_pack_sf.o)
 .debug_aranges
                0x00000100       0x20 d:/interfacing_nti/imt_sdk_win_64/winavr/bin/../lib/gcc/avr/4.3.3/avr5\libgcc.a(_unpack_sf.o)
 .debug_aranges
                0x00000120       0x20 d:/interfacing_nti/imt_sdk_win_64/winavr/bin/../lib/gcc/avr/4.3.3/avr5\libgcc.a(_fpcmp_parts_sf.o)

.debug_pubnames
                0x00000000      0x170
 *(.debug_pubnames)
 .debug_pubnames
                0x00000000       0x23 d:/interfacing_nti/imt_sdk_win_64/winavr/bin/../lib/gcc/avr/4.3.3/avr5\libgcc.a(_fixunssfsi.o)
 .debug_pubnames
                0x00000023       0x2c d:/interfacing_nti/imt_sdk_win_64/winavr/bin/../lib/gcc/avr/4.3.3/avr5\libgcc.a(_addsub_sf.o)
 .debug_pubnames
                0x0000004f       0x1f d:/interfacing_nti/imt_sdk_win_64/winavr/bin/../lib/gcc/avr/4.3.3/avr5\libgcc.a(_mul_sf.o)
 .debug_pubnames
                0x0000006e       0x1e d:/interfacing_nti/imt_sdk_win_64/winavr/bin/../lib/gcc/avr/4.3.3/avr5\libgcc.a(_gt_sf.o)
 .debug_pubnames
                0x0000008c       0x1e d:/interfacing_nti/imt_sdk_win_64/winavr/bin/../lib/gcc/avr/4.3.3/avr5\libgcc.a(_ge_sf.o)
 .debug_pubnames
                0x000000aa       0x1e d:/interfacing_nti/imt_sdk_win_64/winavr/bin/../lib/gcc/avr/4.3.3/avr5\libgcc.a(_lt_sf.o)
 .debug_pubnames
                0x000000c8       0x20 d:/interfacing_nti/imt_sdk_win_64/winavr/bin/../lib/gcc/avr/4.3.3/avr5\libgcc.a(_sf_to_si.o)
 .debug_pubnames
                0x000000e8       0x22 d:/interfacing_nti/imt_sdk_win_64/winavr/bin/../lib/gcc/avr/4.3.3/avr5\libgcc.a(_thenan_sf.o)
 .debug_pubnames
                0x0000010a       0x1f d:/interfacing_nti/imt_sdk_win_64/winavr/bin/../lib/gcc/avr/4.3.3/avr5\libgcc.a(_pack_sf.o)
 .debug_pubnames
                0x00000129       0x21 d:/interfacing_nti/imt_sdk_win_64/winavr/bin/../lib/gcc/avr/4.3.3/avr5\libgcc.a(_unpack_sf.o)
 .debug_pubnames
                0x0000014a       0x26 d:/interfacing_nti/imt_sdk_win_64/winavr/bin/../lib/gcc/avr/4.3.3/avr5\libgcc.a(_fpcmp_parts_sf.o)

.debug_info     0x00000000     0x1c49
 *(.debug_info)
 .debug_info    0x00000000       0xb1 d:/interfacing_nti/imt_sdk_win_64/winavr/bin/../lib/gcc/avr/4.3.3/avr5\libgcc.a(_fixunssfsi.o)
 .debug_info    0x000000b1      0x47a d:/interfacing_nti/imt_sdk_win_64/winavr/bin/../lib/gcc/avr/4.3.3/avr5\libgcc.a(_addsub_sf.o)
 .debug_info    0x0000052b      0x485 d:/interfacing_nti/imt_sdk_win_64/winavr/bin/../lib/gcc/avr/4.3.3/avr5\libgcc.a(_mul_sf.o)
 .debug_info    0x000009b0      0x27f d:/interfacing_nti/imt_sdk_win_64/winavr/bin/../lib/gcc/avr/4.3.3/avr5\libgcc.a(_gt_sf.o)
 .debug_info    0x00000c2f      0x27f d:/interfacing_nti/imt_sdk_win_64/winavr/bin/../lib/gcc/avr/4.3.3/avr5\libgcc.a(_ge_sf.o)
 .debug_info    0x00000eae      0x27f d:/interfacing_nti/imt_sdk_win_64/winavr/bin/../lib/gcc/avr/4.3.3/avr5\libgcc.a(_lt_sf.o)
 .debug_info    0x0000112d      0x2b0 d:/interfacing_nti/imt_sdk_win_64/winavr/bin/../lib/gcc/avr/4.3.3/avr5\libgcc.a(_sf_to_si.o)
 .debug_info    0x000013dd      0x12c d:/interfacing_nti/imt_sdk_win_64/winavr/bin/../lib/gcc/avr/4.3.3/avr5\libgcc.a(_thenan_sf.o)
 .debug_info    0x00001509      0x2df d:/interfacing_nti/imt_sdk_win_64/winavr/bin/../lib/gcc/avr/4.3.3/avr5\libgcc.a(_pack_sf.o)
 .debug_info    0x000017e8      0x251 d:/interfacing_nti/imt_sdk_win_64/winavr/bin/../lib/gcc/avr/4.3.3/avr5\libgcc.a(_unpack_sf.o)
 .debug_info    0x00001a39      0x210 d:/interfacing_nti/imt_sdk_win_64/winavr/bin/../lib/gcc/avr/4.3.3/avr5\libgcc.a(_fpcmp_parts_sf.o)
 *(.gnu.linkonce.wi.*)

.debug_abbrev   0x00000000      0xeeb
 *(.debug_abbrev)
 .debug_abbrev  0x00000000       0x5d d:/interfacing_nti/imt_sdk_win_64/winavr/bin/../lib/gcc/avr/4.3.3/avr5\libgcc.a(_fixunssfsi.o)
 .debug_abbrev  0x0000005d      0x1ea d:/interfacing_nti/imt_sdk_win_64/winavr/bin/../lib/gcc/avr/4.3.3/avr5\libgcc.a(_addsub_sf.o)
 .debug_abbrev  0x00000247      0x21b d:/interfacing_nti/imt_sdk_win_64/winavr/bin/../lib/gcc/avr/4.3.3/avr5\libgcc.a(_mul_sf.o)
 .debug_abbrev  0x00000462      0x15a d:/interfacing_nti/imt_sdk_win_64/winavr/bin/../lib/gcc/avr/4.3.3/avr5\libgcc.a(_gt_sf.o)
 .debug_abbrev  0x000005bc      0x15a d:/interfacing_nti/imt_sdk_win_64/winavr/bin/../lib/gcc/avr/4.3.3/avr5\libgcc.a(_ge_sf.o)
 .debug_abbrev  0x00000716      0x15a d:/interfacing_nti/imt_sdk_win_64/winavr/bin/../lib/gcc/avr/4.3.3/avr5\libgcc.a(_lt_sf.o)
 .debug_abbrev  0x00000870      0x17f d:/interfacing_nti/imt_sdk_win_64/winavr/bin/../lib/gcc/avr/4.3.3/avr5\libgcc.a(_sf_to_si.o)
 .debug_abbrev  0x000009ef       0xad d:/interfacing_nti/imt_sdk_win_64/winavr/bin/../lib/gcc/avr/4.3.3/avr5\libgcc.a(_thenan_sf.o)
 .debug_abbrev  0x00000a9c      0x1c0 d:/interfacing_nti/imt_sdk_win_64/winavr/bin/../lib/gcc/avr/4.3.3/avr5\libgcc.a(_pack_sf.o)
 .debug_abbrev  0x00000c5c      0x154 d:/interfacing_nti/imt_sdk_win_64/winavr/bin/../lib/gcc/avr/4.3.3/avr5\libgcc.a(_unpack_sf.o)
 .debug_abbrev  0x00000db0      0x13b d:/interfacing_nti/imt_sdk_win_64/winavr/bin/../lib/gcc/avr/4.3.3/avr5\libgcc.a(_fpcmp_parts_sf.o)

.debug_line     0x00000000      0xdad
 *(.debug_line)
 .debug_line    0x00000000       0xa7 d:/interfacing_nti/imt_sdk_win_64/winavr/bin/../lib/gcc/avr/4.3.3/avr5\libgcc.a(_fixunssfsi.o)
 .debug_line    0x000000a7      0x2af d:/interfacing_nti/imt_sdk_win_64/winavr/bin/../lib/gcc/avr/4.3.3/avr5\libgcc.a(_addsub_sf.o)
 .debug_line    0x00000356      0x239 d:/interfacing_nti/imt_sdk_win_64/winavr/bin/../lib/gcc/avr/4.3.3/avr5\libgcc.a(_mul_sf.o)
 .debug_line    0x0000058f       0xd3 d:/interfacing_nti/imt_sdk_win_64/winavr/bin/../lib/gcc/avr/4.3.3/avr5\libgcc.a(_gt_sf.o)
 .debug_line    0x00000662       0xd3 d:/interfacing_nti/imt_sdk_win_64/winavr/bin/../lib/gcc/avr/4.3.3/avr5\libgcc.a(_ge_sf.o)
 .debug_line    0x00000735       0xd3 d:/interfacing_nti/imt_sdk_win_64/winavr/bin/../lib/gcc/avr/4.3.3/avr5\libgcc.a(_lt_sf.o)
 .debug_line    0x00000808      0x109 d:/interfacing_nti/imt_sdk_win_64/winavr/bin/../lib/gcc/avr/4.3.3/avr5\libgcc.a(_sf_to_si.o)
 .debug_line    0x00000911       0x90 d:/interfacing_nti/imt_sdk_win_64/winavr/bin/../lib/gcc/avr/4.3.3/avr5\libgcc.a(_thenan_sf.o)
 .debug_line    0x000009a1      0x18a d:/interfacing_nti/imt_sdk_win_64/winavr/bin/../lib/gcc/avr/4.3.3/avr5\libgcc.a(_pack_sf.o)
 .debug_line    0x00000b2b      0x14b d:/interfacing_nti/imt_sdk_win_64/winavr/bin/../lib/gcc/avr/4.3.3/avr5\libgcc.a(_unpack_sf.o)
 .debug_line    0x00000c76      0x137 d:/interfacing_nti/imt_sdk_win_64/winavr/bin/../lib/gcc/avr/4.3.3/avr5\libgcc.a(_fpcmp_parts_sf.o)

.debug_frame    0x00000000      0x160
 *(.debug_frame)
 .debug_frame   0x00000000       0x20 d:/interfacing_nti/imt_sdk_win_64/winavr/bin/../lib/gcc/avr/4.3.3/avr5\libgcc.a(_fixunssfsi.o)
 .debug_frame   0x00000020       0x40 d:/interfacing_nti/imt_sdk_win_64/winavr/bin/../lib/gcc/avr/4.3.3/avr5\libgcc.a(_addsub_sf.o)
 .debug_frame   0x00000060       0x20 d:/interfacing_nti/imt_sdk_win_64/winavr/bin/../lib/gcc/avr/4.3.3/avr5\libgcc.a(_mul_sf.o)
 .debug_frame   0x00000080       0x20 d:/interfacing_nti/imt_sdk_win_64/winavr/bin/../lib/gcc/avr/4.3.3/avr5\libgcc.a(_gt_sf.o)
 .debug_frame   0x000000a0       0x20 d:/interfacing_nti/imt_sdk_win_64/winavr/bin/../lib/gcc/avr/4.3.3/avr5\libgcc.a(_ge_sf.o)
 .debug_frame   0x000000c0       0x20 d:/interfacing_nti/imt_sdk_win_64/winavr/bin/../lib/gcc/avr/4.3.3/avr5\libgcc.a(_lt_sf.o)
 .debug_frame   0x000000e0       0x20 d:/interfacing_nti/imt_sdk_win_64/winavr/bin/../lib/gcc/avr/4.3.3/avr5\libgcc.a(_sf_to_si.o)
 .debug_frame   0x00000100       0x20 d:/interfacing_nti/imt_sdk_win_64/winavr/bin/../lib/gcc/avr/4.3.3/avr5\libgcc.a(_pack_sf.o)
 .debug_frame   0x00000120       0x20 d:/interfacing_nti/imt_sdk_win_64/winavr/bin/../lib/gcc/avr/4.3.3/avr5\libgcc.a(_unpack_sf.o)
 .debug_frame   0x00000140       0x20 d:/interfacing_nti/imt_sdk_win_64/winavr/bin/../lib/gcc/avr/4.3.3/avr5\libgcc.a(_fpcmp_parts_sf.o)

.debug_str      0x00000000      0x28d
 *(.debug_str)
 .debug_str     0x00000000       0xbf d:/interfacing_nti/imt_sdk_win_64/winavr/bin/../lib/gcc/avr/4.3.3/avr5\libgcc.a(_fixunssfsi.o)
                                 0xfe (size before relaxing)
 .debug_str     0x000000bf      0x14d d:/interfacing_nti/imt_sdk_win_64/winavr/bin/../lib/gcc/avr/4.3.3/avr5\libgcc.a(_addsub_sf.o)
                                0x206 (size before relaxing)
 .debug_str     0x0000020c       0x27 d:/interfacing_nti/imt_sdk_win_64/winavr/bin/../lib/gcc/avr/4.3.3/avr5\libgcc.a(_mul_sf.o)
                                0x1bf (size before relaxing)
 .debug_str     0x00000233        0xf d:/interfacing_nti/imt_sdk_win_64/winavr/bin/../lib/gcc/avr/4.3.3/avr5\libgcc.a(_gt_sf.o)
                                0x195 (size before relaxing)
 .debug_str     0x00000242        0x8 d:/interfacing_nti/imt_sdk_win_64/winavr/bin/../lib/gcc/avr/4.3.3/avr5\libgcc.a(_ge_sf.o)
                                0x195 (size before relaxing)
 .debug_str     0x0000024a        0x8 d:/interfacing_nti/imt_sdk_win_64/winavr/bin/../lib/gcc/avr/4.3.3/avr5\libgcc.a(_lt_sf.o)
                                0x195 (size before relaxing)
 .debug_str     0x00000252        0xa d:/interfacing_nti/imt_sdk_win_64/winavr/bin/../lib/gcc/avr/4.3.3/avr5\libgcc.a(_sf_to_si.o)
                                0x19e (size before relaxing)
 .debug_str     0x00000000      0x103 d:/interfacing_nti/imt_sdk_win_64/winavr/bin/../lib/gcc/avr/4.3.3/avr5\libgcc.a(_thenan_sf.o)
 .debug_str     0x0000025c       0x16 d:/interfacing_nti/imt_sdk_win_64/winavr/bin/../lib/gcc/avr/4.3.3/avr5\libgcc.a(_pack_sf.o)
                                0x19d (size before relaxing)
 .debug_str     0x00000272        0xb d:/interfacing_nti/imt_sdk_win_64/winavr/bin/../lib/gcc/avr/4.3.3/avr5\libgcc.a(_unpack_sf.o)
                                0x17f (size before relaxing)
 .debug_str     0x0000027d       0x10 d:/interfacing_nti/imt_sdk_win_64/winavr/bin/../lib/gcc/avr/4.3.3/avr5\libgcc.a(_fpcmp_parts_sf.o)
                                0x163 (size before relaxing)

.debug_loc      0x00000000      0x7ce
 *(.debug_loc)
 .debug_loc     0x00000000       0x34 d:/interfacing_nti/imt_sdk_win_64/winavr/bin/../lib/gcc/avr/4.3.3/avr5\libgcc.a(_fixunssfsi.o)
 .debug_loc     0x00000034      0x32a d:/interfacing_nti/imt_sdk_win_64/winavr/bin/../lib/gcc/avr/4.3.3/avr5\libgcc.a(_addsub_sf.o)
 .debug_loc     0x0000035e      0x104 d:/interfacing_nti/imt_sdk_win_64/winavr/bin/../lib/gcc/avr/4.3.3/avr5\libgcc.a(_mul_sf.o)
 .debug_loc     0x00000462       0x3c d:/interfacing_nti/imt_sdk_win_64/winavr/bin/../lib/gcc/avr/4.3.3/avr5\libgcc.a(_gt_sf.o)
 .debug_loc     0x0000049e       0x3c d:/interfacing_nti/imt_sdk_win_64/winavr/bin/../lib/gcc/avr/4.3.3/avr5\libgcc.a(_ge_sf.o)
 .debug_loc     0x000004da       0x3c d:/interfacing_nti/imt_sdk_win_64/winavr/bin/../lib/gcc/avr/4.3.3/avr5\libgcc.a(_lt_sf.o)
 .debug_loc     0x00000516       0x7e d:/interfacing_nti/imt_sdk_win_64/winavr/bin/../lib/gcc/avr/4.3.3/avr5\libgcc.a(_sf_to_si.o)
 .debug_loc     0x00000594      0x13e d:/interfacing_nti/imt_sdk_win_64/winavr/bin/../lib/gcc/avr/4.3.3/avr5\libgcc.a(_pack_sf.o)
 .debug_loc     0x000006d2       0xac d:/interfacing_nti/imt_sdk_win_64/winavr/bin/../lib/gcc/avr/4.3.3/avr5\libgcc.a(_unpack_sf.o)
 .debug_loc     0x0000077e       0x50 d:/interfacing_nti/imt_sdk_win_64/winavr/bin/../lib/gcc/avr/4.3.3/avr5\libgcc.a(_fpcmp_parts_sf.o)

.debug_macinfo
 *(.debug_macinfo)
OUTPUT(COTS.elf elf32-avr)
LOAD linker stubs

.debug_ranges   0x00000000       0x50
 .debug_ranges  0x00000000       0x50 d:/interfacing_nti/imt_sdk_win_64/winavr/bin/../lib/gcc/avr/4.3.3/avr5\libgcc.a(_mul_sf.o)
